{"level":"http","message":"\u001b[0mGET /health \u001b[32m200\u001b[0m 16.861 ms - 64\u001b[0m","timestamp":"2026-08-19T01:29:28.699Z"}
{"level":"http","message":"\u001b[0mGET /api/cad/health \u001b[32m200\u001b[0m 185.592 ms - 119\u001b[0m","timestamp":"2026-08-19T01:29:29.288Z"}
{"level":"http","message":"\u001b[0mPOST /api/process-image \u001b[32m200\u001b[0m 19927.692 ms - 18792\u001b[0m","timestamp":"2026-08-19T01:30:30.466Z"}
{"level":"http","message":"\u001b[0mPOST /api/login \u001b[32m200\u001b[0m 392.442 ms - 733\u001b[0m","timestamp":"2026-08-19T01:52:40.113Z"}
{"level":"http","message":"\u001b[0mPOST /api/login \u001b[32m200\u001b[0m 113.027 ms - 733\u001b[0m","timestamp":"2026-08-19T01:54:25.132Z"}
{"level":"http","message":"\u001b[0mGET /api/cad/health \u001b[32m200\u001b[0m 582.290 ms - 119\u001b[0m","timestamp":"2026-08-19T01:55:29.208Z"}
{"level":"http","message":"\u001b[0mGET /api/cad/health \u001b[36m304\u001b[0m 53.810 ms - -\u001b[0m","timestamp":"2026-08-19T02:04:39.029Z"}
{"level":"http","message":"\u001b[0mGET /api/cad/health \u001b[36m304\u001b[0m 55.625 ms - -\u001b[0m","timestamp":"2026-08-19T02:04:39.213Z"}
{"level":"http","message":"\u001b[0mGET /api/cad/health \u001b[36m304\u001b[0m 17.867 ms - -\u001b[0m","timestamp":"2026-08-19T02:04:39.564Z"}
{"level":"http","message":"\u001b[0mGET /api/cad/health \u001b[36m304\u001b[0m 14.923 ms - -\u001b[0m","timestamp":"2026-08-19T02:04:40.605Z"}
{"level":"http","message":"\u001b[0mGET /api/cad/health \u001b[36m304\u001b[0m 8.951 ms - -\u001b[0m","timestamp":"2026-08-19T02:04:41.363Z"}
{"level":"http","message":"\u001b[0mGET /api/cad/health \u001b[36m304\u001b[0m 15.097 ms - -\u001b[0m","timestamp":"2026-08-19T02:04:49.519Z"}
{"level":"http","message":"\u001b[0mGET /api/cad/health \u001b[36m304\u001b[0m 12.666 ms - -\u001b[0m","timestamp":"2026-08-19T02:04:50.790Z"}
{"level":"http","message":"\u001b[0mGET /api/cad/health \u001b[36m304\u001b[0m 12.210 ms - -\u001b[0m","timestamp":"2026-08-19T02:04:51.453Z"}
{"level":"http","message":"\u001b[0mGET /api/cad/health \u001b[36m304\u001b[0m 12.855 ms - -\u001b[0m","timestamp":"2026-08-19T02:04:52.767Z"}
{"level":"http","message":"\u001b[0mGET /api/cad/health \u001b[36m304\u001b[0m 14.323 ms - -\u001b[0m","timestamp":"2026-08-19T02:04:53.095Z"}
{"level":"http","message":"\u001b[0mPOST /api/process-image \u001b[33m400\u001b[0m 89.232 ms - 64\u001b[0m","timestamp":"2026-08-19T02:08:59.699Z"}
{"level":"http","message":"\u001b[0mPOST /api/process-image \u001b[33m400\u001b[0m 1.290 ms - 64\u001b[0m","timestamp":"2026-08-19T02:09:32.556Z"}
{"level":"http","message":"\u001b[0mPOST /api/process-with-pdf \u001b[33m400\u001b[0m 1.483 ms - 64\u001b[0m","timestamp":"2026-08-19T02:09:43.573Z"}
{"level":"http","message":"\u001b[0mPOST /api/process-with-pdf \u001b[33m400\u001b[0m 0.896 ms - 64\u001b[0m","timestamp":"2026-08-19T02:09:43.971Z"}
{"level":"http","message":"\u001b[0mPOST /api/login \u001b[32m200\u001b[0m 297.134 ms - 733\u001b[0m","timestamp":"2026-08-19T02:09:56.480Z"}
{"level":"http","message":"\u001b[0mGET /api/cad/health \u001b[36m304\u001b[0m 8.849 ms - -\u001b[0m","timestamp":"2026-08-19T02:10:02.641Z"}
{"level":"http","message":"\u001b[0mPOST /api/process-multi-view \u001b[33m400\u001b[0m 1.962 ms - 65\u001b[0m","timestamp":"2026-08-19T02:10:08.988Z"}
{"level":"http","message":"\u001b[0mPOST /api/process-image \u001b[33m400\u001b[0m 2.573 ms - 64\u001b[0m","timestamp":"2026-08-19T02:10:14.375Z"}
{"level":"http","message":"\u001b[0mPOST /api/process-image \u001b[33m400\u001b[0m 1.840 ms - 64\u001b[0m","timestamp":"2026-08-19T02:10:59.203Z"}
{"level":"http","message":"\u001b[0mPOST /api/process-image \u001b[33m400\u001b[0m 1.067 ms - 64\u001b[0m","timestamp":"2026-08-19T02:12:35.817Z"}
{"bodyKeys":["output_name"],"contentType":"multipart/form-data; boundary=8bade209-9695-4042-8885-23792148a9b4","level":"warn","message":"CAD upload missing image","path":"/process-image","timestamp":"2026-08-19T04:20:15.937Z"}
{"level":"http","message":"\u001b[0mPOST /api/process-image \u001b[33m400\u001b[0m 403.285 ms - 250\u001b[0m","timestamp":"2026-08-19T04:20:16.185Z"}
{"level":"http","message":"\u001b[0mPOST /api/process-image \u001b[32m200\u001b[0m 11519.216 ms - 1679\u001b[0m","timestamp":"2026-08-19T04:20:37.349Z"}
{"bodyKeys":["output_name"],"contentType":"multipart/form-data; boundary=db4a763a-7d3e-4a54-b313-5dcfe1194e5f","level":"warn","message":"CAD upload missing image","path":"/process-image","timestamp":"2026-08-19T04:21:02.573Z"}
{"level":"http","message":"\u001b[0mPOST /api/process-image \u001b[33m400\u001b[0m 3.022 ms - 250\u001b[0m","timestamp":"2026-08-19T04:21:02.575Z"}
{"level":"http","message":"\u001b[0mGET /api/cad/health \u001b[36m304\u001b[0m 43.660 ms - -\u001b[0m","timestamp":"2026-08-19T04:23:25.930Z"}
{"level":"http","message":"\u001b[0mGET /api/cad/health \u001b[36m304\u001b[0m 33.720 ms - -\u001b[0m","timestamp":"2026-08-19T04:23:30.573Z"}
{"level":"http","message":"\u001b[0mGET /api/cad/health \u001b[36m304\u001b[0m 96.532 ms - -\u001b[0m","timestamp":"2026-08-19T04:23:36.085Z"}
{"level":"http","message":"\u001b[0mGET /api/cad/health \u001b[36m304\u001b[0m 13.256 ms - -\u001b[0m","timestamp":"2026-08-19T04:23:43.196Z"}
{"level":"info","message":"CAD multipart parsed","parts":[{"asFile":false,"bytes":15,"filename":null,"mime":null,"name":"output_name"},{"asFile":true,"bytes":2708,"filename":null,"mime":"application/octet-stream","name":"image"}],"path":"/process-image","timestamp":"2026-08-19T04:28:31.663Z"}
{"level":"http","message":"\u001b[0mPOST /api/process-image \u001b[32m200\u001b[0m 4415.871 ms - 1679\u001b[0m","timestamp":"2026-08-19T04:28:36.061Z"}
{"level":"http","message":"\u001b[0mGET / \u001b[33m404\u001b[0m 1.541 ms - 139\u001b[0m","timestamp":"2026-08-19T04:31:08.694Z"}
{"level":"http","message":"\u001b[0mGET / \u001b[33m404\u001b[0m 0.452 ms - 139\u001b[0m","timestamp":"2026-08-19T04:31:13.418Z"}
{"level":"http","message":"\u001b[0mGET /robots.txt \u001b[33m404\u001b[0m 0.597 ms - 149\u001b[0m","timestamp":"2026-08-19T04:31:20.783Z"}
{"level":"http","message":"\u001b[0mGET /api/cad/health \u001b[36m304\u001b[0m 13.178 ms - -\u001b[0m","timestamp":"2026-08-19T04:32:07.022Z"}
{"level":"http","message":"\u001b[0mGET /api/cad/health \u001b[36m304\u001b[0m 8.747 ms - -\u001b[0m","timestamp":"2026-08-19T04:32:07.259Z"}
{"level":"http","message":"\u001b[0mGET /health \u001b[32m200\u001b[0m 2.702 ms - 65\u001b[0m","timestamp":"2026-08-19T04:32:29.473Z"}
{"level":"http","message":"\u001b[0mPOST /api/login \u001b[32m200\u001b[0m 149.099 ms - 733\u001b[0m","timestamp":"2026-08-19T04:33:01.102Z"}
{"level":"http","message":"\u001b[0mGET /api/cad/health \u001b[36m304\u001b[0m 8.113 ms - -\u001b[0m","timestamp":"2026-08-19T04:33:06.030Z"}
{"level":"http","message":"\u001b[0mGET / \u001b[32m200\u001b[0m 3.168 ms - 351\u001b[0m","timestamp":"2026-08-19T04:35:33.241Z"}
{"level":"http","message":"\u001b[0mGET /health \u001b[32m200\u001b[0m 0.579 ms - 105\u001b[0m","timestamp":"2026-08-19T04:35:33.461Z"}
{"level":"http","message":"\u001b[0mGET /api/cad/health \u001b[32m200\u001b[0m 50.411 ms - 161\u001b[0m","timestamp":"2026-08-19T04:35:33.890Z"}
{"level":"http","message":"\u001b[0mGET / \u001b[32m200\u001b[0m 0.430 ms - 351\u001b[0m","timestamp":"2026-08-19T04:38:46.066Z"}
{"level":"http","message":"\u001b[0mPOST /api/login \u001b[32m200\u001b[0m 184.364 ms - 733\u001b[0m","timestamp":"2026-08-19T04:57:29.817Z"}
{"level":"http","message":"\u001b[0mGET /api/cad/health \u001b[32m200\u001b[0m 250.383 ms - 161\u001b[0m","timestamp":"2026-08-19T04:57:34.355Z"}
{"level":"http","message":"\u001b[0mGET / \u001b[32m200\u001b[0m 126.007 ms - 351\u001b[0m","timestamp":"2026-08-19T05:29:08.272Z"}
{"level":"http","message":"\u001b[0mGET / \u001b[32m200\u001b[0m 1.195 ms - 351\u001b[0m","timestamp":"2026-08-19T05:33:10.457Z"}
{"level":"http","message":"\u001b[0mGET / \u001b[32m200\u001b[0m 1.243 ms - 351\u001b[0m","timestamp":"2026-08-19T05:33:28.220Z"}
{"level":"http","message":"\u001b[0mGET /api/cad/health \u001b[32m200\u001b[0m 1026.149 ms - 161\u001b[0m","timestamp":"2026-08-19T06:00:42.514Z"}
{"level":"http","message":"\u001b[0mPOST /api/login \u001b[33m400\u001b[0m 10.512 ms - 155\u001b[0m","timestamp":"2026-08-19T06:00:42.634Z"}
{"level":"http","message":"\u001b[0mGET /api/cad/health \u001b[36m304\u001b[0m 18.630 ms - -\u001b[0m","timestamp":"2026-08-19T06:01:08.404Z"}
{"level":"http","message":"\u001b[0mGET /api/cad/health \u001b[36m304\u001b[0m 62.988 ms - -\u001b[0m","timestamp":"2026-08-19T06:13:24.131Z"}
{"level":"http","message":"\u001b[0mGET /api/cad/health \u001b[36m304\u001b[0m 17.613 ms - -\u001b[0m","timestamp":"2026-08-19T06:13:44.975Z"}
{"level":"http","message":"\u001b[0mGET /api/cad/health \u001b[36m304\u001b[0m 15.188 ms - -\u001b[0m","timestamp":"2026-08-19T06:14:00.933Z"}
{"level":"http","message":"\u001b[0mPOST /api/login \u001b[32m200\u001b[0m 196.675 ms - 733\u001b[0m","timestamp":"2026-08-19T06:28:47.212Z"}
{"level":"http","message":"\u001b[0mPOST /api/login \u001b[32m200\u001b[0m 113.196 ms - 733\u001b[0m","timestamp":"2026-08-19T06:28:47.792Z"}
{"level":"http","message":"\u001b[0mGET /api/cad/health \u001b[36m304\u001b[0m 55.060 ms - -\u001b[0m","timestamp":"2026-08-19T06:28:53.435Z"}
{"level":"info","message":"CAD multipart parsed","parts":[{"asFile":false,"bytes":5,"filename":null,"mime":null,"name":"output_name"},{"asFile":true,"bytes":136451,"filename":"2.jpg","mime":"image/jpeg","name":"image"}],"path":"/process-image","timestamp":"2026-08-19T06:29:02.337Z"}
{"level":"http","message":"\u001b[0mPOST /api/process-image \u001b[32m200\u001b[0m 8584.955 ms - 12074\u001b[0m","timestamp":"2026-08-19T06:29:10.849Z"}
{"level":"http","message":"\u001b[0mGET / \u001b[32m200\u001b[0m 0.927 ms - 351\u001b[0m","timestamp":"2026-08-19T06:33:41.645Z"}
{"level":"http","message":"\u001b[0mGET / \u001b[32m200\u001b[0m 0.339 ms - 351\u001b[0m","timestamp":"2026-08-19T06:34:08.404Z"}
{"level":"info","message":"CAD multipart parsed","parts":[{"asFile":false,"bytes":5,"filename":null,"mime":null,"name":"output_name"},{"asFile":true,"bytes":136451,"filename":"2.jpg","mime":"image/jpeg","name":"image"}],"path":"/process-image","timestamp":"2026-08-19T07:01:55.482Z"}
{"level":"http","message":"\u001b[0mPOST /api/process-image \u001b[32m200\u001b[0m 18032.679 ms - 12074\u001b[0m","timestamp":"2026-08-19T07:02:13.334Z"}
{"level":"http","message":"\u001b[0mGET /api/cad/health \u001b[36m304\u001b[0m 53.135 ms - -\u001b[0m","timestamp":"2026-08-19T07:08:30.190Z"}
{"level":"http","message":"\u001b[0mGET /api/cad/health \u001b[36m304\u001b[0m 8.445 ms - -\u001b[0m","timestamp":"2026-08-19T07:08:38.514Z"}
{"level":"http","message":"\u001b[0mGET /api/cad/health \u001b[36m304\u001b[0m 12.205 ms - -\u001b[0m","timestamp":"2026-08-19T07:08:39.045Z"}
{"level":"http","message":"\u001b[0mGET /api/cad/health \u001b[36m304\u001b[0m 16.113 ms - -\u001b[0m","timestamp":"2026-08-19T07:08:47.053Z"}
{"level":"http","message":"\u001b[0mGET /api/cad/health \u001b[36m304\u001b[0m 29.727 ms - -\u001b[0m","timestamp":"2026-08-19T07:08:47.770Z"}
{"level":"http","message":"\u001b[0mGET /api/cad/health \u001b[36m304\u001b[0m 14.312 ms - -\u001b[0m","timestamp":"2026-08-19T07:09:01.059Z"}
{"level":"info","message":"CAD multipart parsed","parts":[{"asFile":false,"bytes":5,"filename":null,"mime":null,"name":"output_name"},{"asFile":true,"bytes":136451,"filename":"2.jpg","mime":"image/jpeg","name":"image"}],"path":"/process-image","timestamp":"2026-08-19T07:09:17.832Z"}
{"level":"http","message":"\u001b[0mPOST /api/process-image \u001b[32m200\u001b[0m 3987.179 ms - 12074\u001b[0m","timestamp":"2026-08-19T07:09:21.742Z"}
{"level":"http","message":"\u001b[0mGET /api/cad/health \u001b[32m200\u001b[0m 6.619 ms - 161\u001b[0m","timestamp":"2026-08-19T07:10:24.057Z"}
{"level":"http","message":"\u001b[0mPOST /api/login \u001b[33m401\u001b[0m 345.306 ms - 61\u001b[0m","timestamp":"2026-08-19T07:10:42.355Z"}
{"level":"info","message":"CAD multipart parsed","parts":[{"asFile":true,"bytes":136451,"filename":"2.jpg","mime":"image/jpeg","name":"image"},{"asFile":false,"bytes":5,"filename":null,"mime":null,"name":"output_name"}],"path":"/process-image","timestamp":"2026-08-19T07:10:55.841Z"}
{"level":"http","message":"\u001b[0mPOST /api/process-image \u001b[32m200\u001b[0m 4389.468 ms - 12074\u001b[0m","timestamp":"2026-08-19T07:11:00.089Z"}
{"level":"http","message":"\u001b[0mGET /api/cad/health \u001b[36m304\u001b[0m 16.988 ms - -\u001b[0m","timestamp":"2026-08-19T07:11:19.416Z"}
{"level":"info","message":"CAD multipart parsed","parts":[{"asFile":false,"bytes":5,"filename":null,"mime":null,"name":"output_name"},{"asFile":true,"bytes":136451,"filename":"2.jpg","mime":"image/jpeg","name":"image"}],"path":"/process-image","timestamp":"2026-08-19T07:13:12.874Z"}
{"level":"http","message":"\u001b[0mPOST /api/process-image \u001b[32m200\u001b[0m 2709.436 ms - 12074\u001b[0m","timestamp":"2026-08-19T07:13:15.561Z"}
{"level":"info","message":"CAD multipart parsed","parts":[{"asFile":false,"bytes":5,"filename":null,"mime":null,"name":"output_name"},{"asFile":true,"bytes":136451,"filename":"2.jpg","mime":"image/jpeg","name":"image"}],"path":"/process-image","timestamp":"2026-08-19T07:14:07.340Z"}
{"level":"http","message":"\u001b[0mPOST /api/process-image \u001b[32m200\u001b[0m 2733.250 ms - 12074\u001b[0m","timestamp":"2026-08-19T07:14:10.064Z"}
{"level":"info","message":"CAD multipart parsed","parts":[{"asFile":false,"bytes":5,"filename":null,"mime":null,"name":"output_name"},{"asFile":true,"bytes":140911,"filename":"4.jpg","mime":"image/jpeg","name":"image"}],"path":"/process-image","timestamp":"2026-08-19T07:14:19.269Z"}
{"level":"http","message":"\u001b[0mPOST /api/process-image \u001b[32m200\u001b[0m 2651.331 ms - 12074\u001b[0m","timestamp":"2026-08-19T07:14:21.878Z"}
{"level":"info","message":"CAD multipart parsed","parts":[{"asFile":false,"bytes":5,"filename":null,"mime":null,"name":"output_name"},{"asFile":true,"bytes":140911,"filename":"4.jpg","mime":"image/jpeg","name":"image"}],"path":"/process-with-pdf","timestamp":"2026-08-19T07:21:37.759Z"}
{"level":"http","message":"\u001b[0mPOST /api/process-with-pdf \u001b[32m200\u001b[0m 2552.552 ms - 3792\u001b[0m","timestamp":"2026-08-19T07:21:40.215Z"}
{"level":"info","message":"CAD multipart parsed","parts":[{"asFile":false,"bytes":5,"filename":null,"mime":null,"name":"output_name"},{"asFile":true,"bytes":140911,"filename":"4.jpg","mime":"image/jpeg","name":"image"}],"path":"/process-image","timestamp":"2026-08-19T07:21:44.364Z"}
{"level":"http","message":"\u001b[0mPOST /api/process-image \u001b[32m200\u001b[0m 2507.724 ms - 12074\u001b[0m","timestamp":"2026-08-19T07:21:46.838Z"}
{"level":"http","message":"\u001b[0mPOST /api/login \u001b[32m200\u001b[0m 435.810 ms - 733\u001b[0m","timestamp":"2026-08-19T07:23:20.463Z"}
{"level":"http","message":"\u001b[0mGET /api/cad/health \u001b[36m304\u001b[0m 32.464 ms - -\u001b[0m","timestamp":"2026-08-19T07:23:24.263Z"}
{"level":"info","message":"CAD multipart parsed","parts":[{"asFile":false,"bytes":5,"filename":null,"mime":null,"name":"output_name"},{"asFile":true,"bytes":136451,"filename":"2.jpg","mime":"image/jpeg","name":"image"}],"path":"/process-image","timestamp":"2026-08-19T07:23:31.377Z"}
{"level":"http","message":"\u001b[0mPOST /api/process-image \u001b[32m200\u001b[0m 2508.330 ms - 12074\u001b[0m","timestamp":"2026-08-19T07:23:33.815Z"}
{"level":"http","message":"\u001b[0mGET /api/cad/health \u001b[36m304\u001b[0m 8.180 ms - -\u001b[0m","timestamp":"2026-08-19T07:24:47.027Z"}
{"level":"info","message":"CAD multipart parsed","parts":[{"asFile":false,"bytes":5,"filename":null,"mime":null,"name":"output_name"},{"asFile":true,"bytes":136451,"filename":"2.jpg","mime":"image/jpeg","name":"image"}],"path":"/process-image","timestamp":"2026-08-19T07:33:06.185Z"}
{"level":"http","message":"\u001b[0mPOST /api/process-image \u001b[32m200\u001b[0m 3617.045 ms - 12074\u001b[0m","timestamp":"2026-08-19T07:33:09.730Z"}
{"level":"info","message":"CAD multipart parsed","parts":[{"asFile":false,"bytes":5,"filename":null,"mime":null,"name":"output_name"},{"asFile":true,"bytes":136451,"filename":"2.jpg","mime":"image/jpeg","name":"image"}],"path":"/process-image","timestamp":"2026-08-19T07:42:48.840Z"}
{"level":"http","message":"\u001b[0mPOST /api/process-image \u001b[32m200\u001b[0m 5221.658 ms - 12074\u001b[0m","timestamp":"2026-08-19T07:42:53.998Z"}
{"level":"info","message":"CAD multipart parsed","parts":[{"asFile":false,"bytes":5,"filename":null,"mime":null,"name":"output_name"},{"asFile":true,"bytes":136451,"filename":"2.jpg","mime":"image/jpeg","name":"image"}],"path":"/process-image","timestamp":"2026-08-19T07:50:01.209Z"}
{"level":"http","message":"\u001b[0mPOST /api/process-image \u001b[32m200\u001b[0m 6667.190 ms - 12175\u001b[0m","timestamp":"2026-08-19T07:50:07.787Z"}
{"level":"http","message":"\u001b[0mGET /cad-previews/part1_outline.png \u001b[32m200\u001b[0m 6.486 ms - 8967\u001b[0m","timestamp":"2026-08-19T07:50:08.128Z"}
{"level":"info","message":"CAD multipart parsed","parts":[{"asFile":false,"bytes":5,"filename":null,"mime":null,"name":"output_name"},{"asFile":true,"bytes":136451,"filename":"2.jpg","mime":"image/jpeg","name":"image"}],"path":"/process-image","timestamp":"2026-08-19T07:54:39.215Z"}
{"level":"http","message":"\u001b[0mPOST /api/process-image \u001b[32m200\u001b[0m 4485.931 ms - 12175\u001b[0m","timestamp":"2026-08-19T07:54:43.621Z"}
{"level":"info","message":"CAD multipart parsed","parts":[{"asFile":false,"bytes":5,"filename":null,"mime":null,"name":"output_name"},{"asFile":true,"bytes":136451,"filename":"2.jpg","mime":"image/jpeg","name":"image"}],"path":"/process-image","timestamp":"2026-08-19T07:55:30.529Z"}
{"level":"http","message":"\u001b[0mPOST /api/process-image \u001b[32m200\u001b[0m 5194.883 ms - 12175\u001b[0m","timestamp":"2026-08-19T07:55:35.657Z"}
{"level":"info","message":"CAD multipart parsed","parts":[{"asFile":false,"bytes":5,"filename":null,"mime":null,"name":"output_name"},{"asFile":true,"bytes":136451,"filename":"2.jpg","mime":"image/jpeg","name":"image"}],"path":"/process-image","timestamp":"2026-08-19T08:01:42.409Z"}
{"level":"http","message":"\u001b[0mPOST /api/process-image \u001b[32m200\u001b[0m 9818.609 ms - 12175\u001b[0m","timestamp":"2026-08-19T08:01:52.159Z"}
{"level":"info","message":"CAD multipart parsed","parts":[{"asFile":false,"bytes":5,"filename":null,"mime":null,"name":"output_name"},{"asFile":true,"bytes":136451,"filename":"2.jpg","mime":"image/jpeg","name":"image"}],"path":"/process-image","timestamp":"2026-08-19T08:02:46.111Z"}
{"level":"http","message":"\u001b[0mPOST /api/process-image \u001b[32m200\u001b[0m 4949.438 ms - 12175\u001b[0m","timestamp":"2026-08-19T08:02:51.036Z"}
{"level":"info","message":"CAD multipart parsed","parts":[{"asFile":false,"bytes":5,"filename":null,"mime":null,"name":"output_name"},{"asFile":true,"bytes":136451,"filename":"2.jpg","mime":"image/jpeg","name":"image"}],"path":"/process-image","timestamp":"2026-08-19T08:04:53.291Z"}
{"level":"http","message":"\u001b[0mPOST /api/process-image \u001b[32m200\u001b[0m 2523.269 ms - 12175\u001b[0m","timestamp":"2026-08-19T08:04:55.794Z"}
{"level":"info","message":"CAD multipart parsed","parts":[{"asFile":false,"bytes":5,"filename":null,"mime":null,"name":"output_name"},{"asFile":true,"bytes":136451,"filename":"2.jpg","mime":"image/jpeg","name":"image"}],"path":"/process-image","timestamp":"2026-08-19T08:13:29.573Z"}
{"level":"http","message":"\u001b[0mPOST /api/process-image \u001b[32m200\u001b[0m 2388.831 ms - 12175\u001b[0m","timestamp":"2026-08-19T08:13:31.883Z"}
{"level":"info","message":"CAD multipart parsed","parts":[{"asFile":false,"bytes":5,"filename":null,"mime":null,"name":"output_name"},{"asFile":true,"bytes":136451,"filename":"2.jpg","mime":"image/jpeg","name":"image"}],"path":"/process-image","timestamp":"2026-08-19T08:14:19.661Z"}
{"level":"http","message":"\u001b[0mPOST /api/process-image \u001b[32m200\u001b[0m 2691.730 ms - 12175\u001b[0m","timestamp":"2026-08-19T08:14:22.329Z"}
{"level":"info","message":"CAD multipart parsed","parts":[{"asFile":false,"bytes":5,"filename":null,"mime":null,"name":"output_name"},{"asFile":true,"bytes":136451,"filename":"2.jpg","mime":"image/jpeg","name":"image"}],"path":"/process-image","timestamp":"2026-08-19T08:23:43.296Z"}
{"level":"http","message":"\u001b[0mPOST /api/process-image \u001b[32m200\u001b[0m 4436.346 ms - 2615976\u001b[0m","timestamp":"2026-08-19T08:23:47.650Z"}
{"level":"http","message":"\u001b[0mPOST /api/login \u001b[32m200\u001b[0m 330.874 ms - 733\u001b[0m","timestamp":"2026-08-19T08:25:16.289Z"}
{"level":"http","message":"\u001b[0mGET /api/cad/health \u001b[36m304\u001b[0m 8.792 ms - -\u001b[0m","timestamp":"2026-08-19T08:25:21.476Z"}
{"level":"info","message":"CAD multipart parsed","parts":[{"asFile":false,"bytes":5,"filename":null,"mime":null,"name":"output_name"},{"asFile":true,"bytes":136451,"filename":"2.jpg","mime":"image/jpeg","name":"image"}],"path":"/process-image","timestamp":"2026-08-19T08:25:30.269Z"}
{"level":"http","message":"\u001b[0mPOST /api/process-image \u001b[32m200\u001b[0m 3092.153 ms - 2615976\u001b[0m","timestamp":"2026-08-19T08:25:33.291Z"}
{"level":"info","message":"CAD multipart parsed","parts":[{"asFile":false,"bytes":5,"filename":null,"mime":null,"name":"output_name"},{"asFile":true,"bytes":136451,"filename":"2.jpg","mime":"image/jpeg","name":"image"}],"path":"/process-image","timestamp":"2026-08-19T08:28:26.780Z"}
{"level":"http","message":"\u001b[0mPOST /api/process-image \u001b[32m200\u001b[0m 3628.528 ms - 716\u001b[0m","timestamp":"2026-08-19T08:28:30.322Z"}
{"level":"http","message":"\u001b[0mGET /version \u001b[33m404\u001b[0m 2.647 ms - 146\u001b[0m","timestamp":"2026-08-19T08:37:59.254Z"}
{"level":"http","message":"\u001b[0mGET /health \u001b[32m200\u001b[0m 3.027 ms - 107\u001b[0m","timestamp":"2026-08-19T08:37:59.813Z"}
{"level":"http","message":"\u001b[0mGET /v2/health/ready \u001b[33m404\u001b[0m 0.419 ms - 154\u001b[0m","timestamp":"2026-08-19T08:38:00.374Z"}
{"level":"http","message":"\u001b[0mGET /v2 \u001b[33m404\u001b[0m 0.750 ms - 141\u001b[0m","timestamp":"2026-08-19T08:38:00.938Z"}
{"level":"http","message":"\u001b[0mGET /api/v1/heartbeat \u001b[33m404\u001b[0m 0.657 ms - 155\u001b[0m","timestamp":"2026-08-19T08:38:01.495Z"}
{"level":"http","message":"\u001b[0mGET http://azenv.net/ \u001b[32m200\u001b[0m 6.519 ms - 351\u001b[0m","timestamp":"2026-08-19T09:36:39.765Z"}
{"level":"info","message":"CAD multipart parsed","parts":[{"asFile":true,"bytes":136451,"filename":"2.jpg","mime":"image/jpeg","name":"image"},{"asFile":false,"bytes":5,"filename":null,"mime":null,"name":"output_name"}],"path":"/process-image","timestamp":"2026-08-19T09:48:33.380Z"}
{"level":"http","message":"\u001b[0mPOST /api/process-image \u001b[32m200\u001b[0m 9449.688 ms - 716\u001b[0m","timestamp":"2026-08-19T09:48:42.678Z"}
{"level":"http","message":"\u001b[0mGET /files/part1_outline.png \u001b[33m404\u001b[0m 3.363 ms - 162\u001b[0m","timestamp":"2026-08-19T09:48:42.769Z"}
{"level":"http","message":"\u001b[0mGET /api/files/part1_outline.png \u001b[33m404\u001b[0m 0.478 ms - 166\u001b[0m","timestamp":"2026-08-19T09:48:42.817Z"}
{"level":"http","message":"\u001b[0mGET /files/part1.png \u001b[33m404\u001b[0m 0.281 ms - 154\u001b[0m","timestamp":"2026-08-19T09:48:42.871Z"}
{"level":"http","message":"\u001b[0mGET /cad-previews/part1_outline.png \u001b[32m200\u001b[0m 33.884 ms - 1961724\u001b[0m","timestamp":"2026-08-19T09:50:43.615Z"}
{"level":"http","message":"\u001b[0mGET /api/cad/health \u001b[36m304\u001b[0m 20.950 ms - -\u001b[0m","timestamp":"2026-08-19T09:51:03.735Z"}
{"level":"http","message":"\u001b[0mGET /api/cad/health \u001b[36m304\u001b[0m 9.370 ms - -\u001b[0m","timestamp":"2026-08-19T09:51:04.323Z"}
{"level":"http","message":"\u001b[0mGET /api/cad/health \u001b[36m304\u001b[0m 8.154 ms - -\u001b[0m","timestamp":"2026-08-19T09:51:04.755Z"}
{"level":"http","message":"\u001b[0mGET /api/cad/health \u001b[36m304\u001b[0m 10.345 ms - -\u001b[0m","timestamp":"2026-08-19T09:51:05.793Z"}
{"level":"http","message":"\u001b[0mGET /api/cad/health \u001b[36m304\u001b[0m 8.205 ms - -\u001b[0m","timestamp":"2026-08-19T09:51:06.350Z"}
{"level":"http","message":"\u001b[0mGET /api/cad/health \u001b[36m304\u001b[0m 11.425 ms - -\u001b[0m","timestamp":"2026-08-19T09:51:14.940Z"}
{"level":"info","message":"CAD multipart parsed","parts":[{"asFile":false,"bytes":5,"filename":null,"mime":null,"name":"output_name"},{"asFile":true,"bytes":136451,"filename":"2.jpg","mime":"image/jpeg","name":"image"}],"path":"/process-image","timestamp":"2026-08-19T09:51:36.079Z"}
{"level":"http","message":"\u001b[0mPOST /api/process-image \u001b[32m200\u001b[0m 3614.694 ms - 716\u001b[0m","timestamp":"2026-08-19T09:51:39.612Z"}
{"level":"http","message":"\u001b[0mPOST /api/login \u001b[32m200\u001b[0m 380.131 ms - 733\u001b[0m","timestamp":"2026-08-19T09:52:45.619Z"}
{"level":"http","message":"\u001b[0mGET /api/cad/health \u001b[36m304\u001b[0m 12.771 ms - -\u001b[0m","timestamp":"2026-08-19T09:52:51.910Z"}
{"level":"info","message":"CAD multipart parsed","parts":[{"asFile":false,"bytes":5,"filename":null,"mime":null,"name":"output_name"},{"asFile":true,"bytes":136451,"filename":"2.jpg","mime":"image/jpeg","name":"image"}],"path":"/process-image","timestamp":"2026-08-19T09:52:57.189Z"}
{"level":"http","message":"\u001b[0mPOST /api/process-image \u001b[32m200\u001b[0m 3252.790 ms - 716\u001b[0m","timestamp":"2026-08-19T09:53:00.366Z"}
{"level":"info","message":"CAD multipart parsed","parts":[{"asFile":false,"bytes":5,"filename":null,"mime":null,"name":"output_name"},{"asFile":true,"bytes":140911,"filename":"4.jpg","mime":"image/jpeg","name":"image"}],"path":"/process-image","timestamp":"2026-08-19T09:54:02.493Z"}
{"level":"http","message":"\u001b[0mPOST /api/process-image \u001b[32m200\u001b[0m 3516.443 ms - 716\u001b[0m","timestamp":"2026-08-19T09:54:05.980Z"}
{"level":"info","message":"CAD multipart parsed","parts":[{"asFile":false,"bytes":6,"filename":null,"mime":null,"name":"output_name"},{"asFile":true,"bytes":140911,"filename":"4.jpg","mime":"image/jpeg","name":"image"}],"path":"/process-with-pdf","timestamp":"2026-08-19T09:54:24.981Z"}
{"level":"http","message":"\u001b[0mPOST /api/process-with-pdf \u001b[32m200\u001b[0m 2866.882 ms - 659\u001b[0m","timestamp":"2026-08-19T09:54:27.824Z"}
{"level":"http","message":"\u001b[0mGET /cad-previews/part1i_outline.png \u001b[32m200\u001b[0m 3.013 ms - 1935317\u001b[0m","timestamp":"2026-08-19T09:54:28.924Z"}
{"level":"info","message":"CAD multipart parsed","parts":[{"asFile":false,"bytes":6,"filename":null,"mime":null,"name":"output_name"},{"asFile":true,"bytes":140911,"filename":"4.jpg","mime":"image/jpeg","name":"image"}],"path":"/process-image","timestamp":"2026-08-19T09:54:42.178Z"}
{"level":"http","message":"\u001b[0mPOST /api/process-image \u001b[32m200\u001b[0m 3708.331 ms - 727\u001b[0m","timestamp":"2026-08-19T09:54:45.807Z"}
{"level":"info","message":"CAD multipart parsed","parts":[{"asFile":false,"bytes":6,"filename":null,"mime":null,"name":"output_name"},{"asFile":true,"bytes":136451,"filename":"2.jpg","mime":"image/jpeg","name":"image"}],"path":"/process-image","timestamp":"2026-08-19T09:54:57.145Z"}
{"level":"http","message":"\u001b[0mPOST /api/process-image \u001b[32m200\u001b[0m 3011.364 ms - 727\u001b[0m","timestamp":"2026-08-19T09:55:00.139Z"}
{"level":"info","message":"CAD multipart parsed","parts":[{"asFile":false,"bytes":6,"filename":null,"mime":null,"name":"output_name"},{"asFile":true,"bytes":136451,"filename":"2.jpg","mime":"image/jpeg","name":"image"}],"path":"/process-with-pdf","timestamp":"2026-08-19T09:55:10.188Z"}
{"level":"http","message":"\u001b[0mPOST /api/process-with-pdf \u001b[32m200\u001b[0m 2630.280 ms - 659\u001b[0m","timestamp":"2026-08-19T09:55:12.805Z"}
{"level":"info","message":"CAD multipart parsed","parts":[{"asFile":false,"bytes":6,"filename":null,"mime":null,"name":"output_name"},{"asFile":true,"bytes":136451,"filename":"2.jpg","mime":"image/jpeg","name":"image"}],"path":"/process-image","timestamp":"2026-08-19T09:56:08.196Z"}
{"level":"http","message":"\u001b[0mPOST /api/process-image \u001b[32m200\u001b[0m 3278.373 ms - 727\u001b[0m","timestamp":"2026-08-19T09:56:11.457Z"}
{"level":"info","message":"CAD multipart parsed","parts":[{"asFile":false,"bytes":6,"filename":null,"mime":null,"name":"output_name"},{"asFile":true,"bytes":136451,"filename":"2.jpg","mime":"image/jpeg","name":"image"}],"path":"/process-with-pdf","timestamp":"2026-08-19T09:56:28.380Z"}
{"level":"http","message":"\u001b[0mPOST /api/process-with-pdf \u001b[32m200\u001b[0m 2814.246 ms - 659\u001b[0m","timestamp":"2026-08-19T09:56:31.107Z"}
{"level":"http","message":"\u001b[0mGET /api/cad/health \u001b[36m304\u001b[0m 16.452 ms - -\u001b[0m","timestamp":"2026-08-19T09:56:53.299Z"}
{"level":"http","message":"\u001b[0mGET /api/cad/health \u001b[36m304\u001b[0m 6.865 ms - -\u001b[0m","timestamp":"2026-08-19T09:56:57.824Z"}
{"level":"http","message":"\u001b[0mGET /api/cad/health \u001b[36m304\u001b[0m 7.871 ms - -\u001b[0m","timestamp":"2026-08-19T09:56:58.347Z"}
{"level":"info","message":"CAD multipart parsed","parts":[{"asFile":false,"bytes":5,"filename":null,"mime":null,"name":"output_name"},{"asFile":true,"bytes":136451,"filename":"2.jpg","mime":"image/jpeg","name":"image"}],"path":"/process-image","timestamp":"2026-08-19T09:58:06.998Z"}
{"level":"http","message":"\u001b[0mPOST /api/process-image \u001b[32m200\u001b[0m 3751.480 ms - 716\u001b[0m","timestamp":"2026-08-19T09:58:10.697Z"}
{"level":"info","message":"CAD multipart parsed","parts":[{"asFile":false,"bytes":5,"filename":null,"mime":null,"name":"output_name"},{"asFile":true,"bytes":140911,"filename":"4.jpg","mime":"image/jpeg","name":"image"}],"path":"/process-image","timestamp":"2026-08-19T09:58:23.518Z"}
{"level":"http","message":"\u001b[0mPOST /api/process-image \u001b[32m200\u001b[0m 4076.466 ms - 716\u001b[0m","timestamp":"2026-08-19T09:58:27.538Z"}
{"level":"info","message":"CAD multipart parsed","parts":[{"asFile":false,"bytes":5,"filename":null,"mime":null,"name":"output_name"},{"asFile":true,"bytes":140911,"filename":"4.jpg","mime":"image/jpeg","name":"image"}],"path":"/process-with-pdf","timestamp":"2026-08-19T09:58:38.490Z"}
{"level":"http","message":"\u001b[0mPOST /api/process-with-pdf \u001b[32m200\u001b[0m 3604.859 ms - 650\u001b[0m","timestamp":"2026-08-19T09:58:42.045Z"}
{"level":"http","message":"\u001b[0mGET /cad-previews/part1_outline.png \u001b[32m200\u001b[0m 8.155 ms - 1935317\u001b[0m","timestamp":"2026-08-19T10:00:09.674Z"}
{"level":"http","message":"\u001b[0mGET /api/cad/health \u001b[36m304\u001b[0m 6.866 ms - -\u001b[0m","timestamp":"2026-08-19T10:02:19.364Z"}
{"level":"http","message":"\u001b[0mGET /api/cad/health \u001b[36m304\u001b[0m 7.824 ms - -\u001b[0m","timestamp":"2026-08-19T10:02:23.101Z"}
{"level":"http","message":"\u001b[0mGET / \u001b[32m200\u001b[0m 1.091 ms - 351\u001b[0m","timestamp":"2026-08-19T10:08:28.907Z"}
